T7-Listes/minus-list.ml
